// Jest Snapshot v1, https://goo.gl/fbAQLP

exports[`App component SnapShot rendering Login 1`] = `
<form
  className="ui form"
>
  <h1
    className="ui large header"
  >
    Login
  </h1>
  <div
    class="field"
  >
    <label>
      Please enter userName
    </label>
    <div
      class="ui left icon input"
    >
      <input
        className="ui input"
        name="userName"
        onChange={[Function]}
        placeholder="Type name here..."
        type="text"
        value=""
      />
      <i
        class="user circle icon"
      />
    </div>
  </div>
  <div
    class="field"
  >
    <label>
      Please choose avatar
    </label>
    <div
      className="ui list"
    >
      <ul
        className="form_radio_group"
        onChange={[Function]}
      >
        <li
          className="ui image label"
        >
          <input
            className="radio"
            id="avatar_img01"
            name="avatar"
            type="radio"
          />
          <div
            className="avatar avatar_img01"
          />
        </li>
        <li
          className="ui image label"
        >
          <input
            className="radio"
            id="avatar_img02"
            name="avatar"
            type="radio"
          />
          <div
            className="avatar avatar_img02"
          />
        </li>
        <li
          className="ui image label"
        >
          <input
            className="radio"
            id="avatar_img03"
            name="avatar"
            type="radio"
          />
          <div
            className="avatar avatar_img03"
          />
        </li>
        <li
          className="ui image label"
        >
          <input
            className="radio"
            id="avatar_img04"
            name="avatar"
            type="radio"
          />
          <div
            className="avatar avatar_img04"
          />
        </li>
        <li
          className="ui image label"
        >
          <input
            className="radio"
            id="avatar_img05"
            name="avatar"
            type="radio"
          />
          <div
            className="avatar avatar_img05"
          />
        </li>
      </ul>
    </div>
  </div>
  <button
    className="ui primary button"
    onClick={[Function]}
  >
    Submit
  </button>
</form>
`;
